  Geri y├╝klenecek projeler belirleniyor...
  Geri y├╝kleme i├ğin t├╝m projeler g├╝ncel.
  BankApp.Core -> C:\Users\omerc\Desktop\BankaBenim\src\BankApp.Core\bin\Debug\net8.0\BankApp.Core.dll
  BankApp.Infrastructure -> C:\Users\omerc\Desktop\BankaBenim\src\BankApp.Infrastructure\bin\Debug\net8.0\BankApp.Infrastructure.dll
  BankApp.Tests -> C:\Users\omerc\Desktop\BankaBenim\src\BankApp.Tests\bin\Debug\net8.0\BankApp.Tests.dll
C:\Users\omerc\Desktop\BankaBenim\src\BankApp.UI\Forms\TradeTerminalForm.cs(452,18): error CS0101: 'BankApp.UI.Forms' ad alan─▒ 'StockInfo' i├ğin zaten bir tan─▒m i├ğeriyor [C:\Users\omerc\Desktop\BankaBenim\src\BankApp.UI\BankApp.UI.csproj]
C:\Users\omerc\Desktop\BankaBenim\src\BankApp.UI\Forms\TradeTerminalForm.cs(460,32): error CS0111: 'StockInfo' t├╝r├╝ ayn─▒ parametre t├╝rleriyle 'ToString' adl─▒ bir ├╝yeyi zaten tan─▒ml─▒yor [C:\Users\omerc\Desktop\BankaBenim\src\BankApp.UI\BankApp.UI.csproj]

Olu┼şturma BA┼ŞARISIZ OLDU.

C:\Users\omerc\Desktop\BankaBenim\src\BankApp.UI\Forms\TradeTerminalForm.cs(452,18): error CS0101: 'BankApp.UI.Forms' ad alan─▒ 'StockInfo' i├ğin zaten bir tan─▒m i├ğeriyor [C:\Users\omerc\Desktop\BankaBenim\src\BankApp.UI\BankApp.UI.csproj]
C:\Users\omerc\Desktop\BankaBenim\src\BankApp.UI\Forms\TradeTerminalForm.cs(460,32): error CS0111: 'StockInfo' t├╝r├╝ ayn─▒ parametre t├╝rleriyle 'ToString' adl─▒ bir ├╝yeyi zaten tan─▒ml─▒yor [C:\Users\omerc\Desktop\BankaBenim\src\BankApp.UI\BankApp.UI.csproj]
    0 Uyar─▒
    2 Hata

Ge├ğen S├╝re 00:00:03.59
