  Geri y├╝klenecek projeler belirleniyor...
  Geri y├╝kleme i├ğin t├╝m projeler g├╝ncel.
C:\Program Files\dotnet\sdk\10.0.100-rc.2.25502.107\Sdks\Microsoft.NET.Sdk\targets\Microsoft.NET.RuntimeIdentifierInference.targets(351,5): message NETSDK1057: Bir .NET ├Ânizleme s├╝r├╝m├╝ kullan─▒yorsunuz. Bkz. https://aka.ms/dotnet-support-policy [C:\Users\omerc\Desktop\BankaBenim\src\BankApp.UI\BankApp.UI.csproj]
C:\Program Files\dotnet\sdk\10.0.100-rc.2.25502.107\Sdks\Microsoft.NET.Sdk\targets\Microsoft.NET.RuntimeIdentifierInference.targets(351,5): message NETSDK1057: Bir .NET ├Ânizleme s├╝r├╝m├╝ kullan─▒yorsunuz. Bkz. https://aka.ms/dotnet-support-policy [C:\Users\omerc\Desktop\BankaBenim\src\BankApp.Infrastructure\BankApp.Infrastructure.csproj]
  BankApp.Core -> C:\Users\omerc\Desktop\BankaBenim\src\BankApp.Core\bin\Debug\net8.0\BankApp.Core.dll
  BankApp.Infrastructure -> C:\Users\omerc\Desktop\BankaBenim\src\BankApp.Infrastructure\bin\Debug\net8.0\BankApp.Infrastructure.dll
C:\Users\omerc\Desktop\BankaBenim\src\BankApp.UI\Forms\TransferForm.Designer.cs(334,18): error CS1061: 'TransferForm' bir 'AllowFormGlass' tan─▒m─▒ i├ğermiyor ve 'TransferForm' t├╝r├╝nde bir ilk ba─ş─▒ms─▒z de─şi┼şken kabul eden hi├ğbir eri┼şilebilir 'AllowFormGlass' geni┼şletme y├Ântemi bulunamad─▒ (bir kullanma y├Ânergeniz veya derleme ba┼şvurunuz eksik olabilir mi?) [C:\Users\omerc\Desktop\BankaBenim\src\BankApp.UI\BankApp.UI.csproj]
C:\Users\omerc\Desktop\BankaBenim\src\BankApp.UI\Forms\MainForm.Designer.cs(269,29): error CS1061: 'RibbonPageGroup' bir 'Appearance' tan─▒m─▒ i├ğermiyor ve 'RibbonPageGroup' t├╝r├╝nde bir ilk ba─ş─▒ms─▒z de─şi┼şken kabul eden hi├ğbir eri┼şilebilir 'Appearance' geni┼şletme y├Ântemi bulunamad─▒ (bir kullanma y├Ânergeniz veya derleme ba┼şvurunuz eksik olabilir mi?) [C:\Users\omerc\Desktop\BankaBenim\src\BankApp.UI\BankApp.UI.csproj]
C:\Users\omerc\Desktop\BankaBenim\src\BankApp.UI\Forms\MainForm.Designer.cs(270,29): error CS1061: 'RibbonPageGroup' bir 'Appearance' tan─▒m─▒ i├ğermiyor ve 'RibbonPageGroup' t├╝r├╝nde bir ilk ba─ş─▒ms─▒z de─şi┼şken kabul eden hi├ğbir eri┼şilebilir 'Appearance' geni┼şletme y├Ântemi bulunamad─▒ (bir kullanma y├Ânergeniz veya derleme ba┼şvurunuz eksik olabilir mi?) [C:\Users\omerc\Desktop\BankaBenim\src\BankApp.UI\BankApp.UI.csproj]
C:\Users\omerc\Desktop\BankaBenim\src\BankApp.UI\Forms\MainForm.Designer.cs(275,26): error CS1061: 'RibbonPageGroup' bir 'Appearance' tan─▒m─▒ i├ğermiyor ve 'RibbonPageGroup' t├╝r├╝nde bir ilk ba─ş─▒ms─▒z de─şi┼şken kabul eden hi├ğbir eri┼şilebilir 'Appearance' geni┼şletme y├Ântemi bulunamad─▒ (bir kullanma y├Ânergeniz veya derleme ba┼şvurunuz eksik olabilir mi?) [C:\Users\omerc\Desktop\BankaBenim\src\BankApp.UI\BankApp.UI.csproj]
C:\Users\omerc\Desktop\BankaBenim\src\BankApp.UI\Forms\MainForm.Designer.cs(276,26): error CS1061: 'RibbonPageGroup' bir 'Appearance' tan─▒m─▒ i├ğermiyor ve 'RibbonPageGroup' t├╝r├╝nde bir ilk ba─ş─▒ms─▒z de─şi┼şken kabul eden hi├ğbir eri┼şilebilir 'Appearance' geni┼şletme y├Ântemi bulunamad─▒ (bir kullanma y├Ânergeniz veya derleme ba┼şvurunuz eksik olabilir mi?) [C:\Users\omerc\Desktop\BankaBenim\src\BankApp.UI\BankApp.UI.csproj]
C:\Users\omerc\Desktop\BankaBenim\src\BankApp.UI\Forms\MainForm.Designer.cs(284,39): error CS1061: 'RibbonPageGroup' bir 'Appearance' tan─▒m─▒ i├ğermiyor ve 'RibbonPageGroup' t├╝r├╝nde bir ilk ba─ş─▒ms─▒z de─şi┼şken kabul eden hi├ğbir eri┼şilebilir 'Appearance' geni┼şletme y├Ântemi bulunamad─▒ (bir kullanma y├Ânergeniz veya derleme ba┼şvurunuz eksik olabilir mi?) [C:\Users\omerc\Desktop\BankaBenim\src\BankApp.UI\BankApp.UI.csproj]
C:\Users\omerc\Desktop\BankaBenim\src\BankApp.UI\Forms\MainForm.Designer.cs(285,39): error CS1061: 'RibbonPageGroup' bir 'Appearance' tan─▒m─▒ i├ğermiyor ve 'RibbonPageGroup' t├╝r├╝nde bir ilk ba─ş─▒ms─▒z de─şi┼şken kabul eden hi├ğbir eri┼şilebilir 'Appearance' geni┼şletme y├Ântemi bulunamad─▒ (bir kullanma y├Ânergeniz veya derleme ba┼şvurunuz eksik olabilir mi?) [C:\Users\omerc\Desktop\BankaBenim\src\BankApp.UI\BankApp.UI.csproj]
C:\Users\omerc\Desktop\BankaBenim\src\BankApp.UI\Forms\MainForm.Designer.cs(292,26): error CS1061: 'RibbonPageGroup' bir 'Appearance' tan─▒m─▒ i├ğermiyor ve 'RibbonPageGroup' t├╝r├╝nde bir ilk ba─ş─▒ms─▒z de─şi┼şken kabul eden hi├ğbir eri┼şilebilir 'Appearance' geni┼şletme y├Ântemi bulunamad─▒ (bir kullanma y├Ânergeniz veya derleme ba┼şvurunuz eksik olabilir mi?) [C:\Users\omerc\Desktop\BankaBenim\src\BankApp.UI\BankApp.UI.csproj]
C:\Users\omerc\Desktop\BankaBenim\src\BankApp.UI\Forms\MainForm.Designer.cs(293,26): error CS1061: 'RibbonPageGroup' bir 'Appearance' tan─▒m─▒ i├ğermiyor ve 'RibbonPageGroup' t├╝r├╝nde bir ilk ba─ş─▒ms─▒z de─şi┼şken kabul eden hi├ğbir eri┼şilebilir 'Appearance' geni┼şletme y├Ântemi bulunamad─▒ (bir kullanma y├Ânergeniz veya derleme ba┼şvurunuz eksik olabilir mi?) [C:\Users\omerc\Desktop\BankaBenim\src\BankApp.UI\BankApp.UI.csproj]
C:\Users\omerc\Desktop\BankaBenim\src\BankApp.UI\Forms\MainForm.Designer.cs(299,41): error CS1061: 'RibbonPageGroup' bir 'Appearance' tan─▒m─▒ i├ğermiyor ve 'RibbonPageGroup' t├╝r├╝nde bir ilk ba─ş─▒ms─▒z de─şi┼şken kabul eden hi├ğbir eri┼şilebilir 'Appearance' geni┼şletme y├Ântemi bulunamad─▒ (bir kullanma y├Ânergeniz veya derleme ba┼şvurunuz eksik olabilir mi?) [C:\Users\omerc\Desktop\BankaBenim\src\BankApp.UI\BankApp.UI.csproj]
C:\Users\omerc\Desktop\BankaBenim\src\BankApp.UI\Forms\MainForm.Designer.cs(300,41): error CS1061: 'RibbonPageGroup' bir 'Appearance' tan─▒m─▒ i├ğermiyor ve 'RibbonPageGroup' t├╝r├╝nde bir ilk ba─ş─▒ms─▒z de─şi┼şken kabul eden hi├ğbir eri┼şilebilir 'Appearance' geni┼şletme y├Ântemi bulunamad─▒ (bir kullanma y├Ânergeniz veya derleme ba┼şvurunuz eksik olabilir mi?) [C:\Users\omerc\Desktop\BankaBenim\src\BankApp.UI\BankApp.UI.csproj]

Olu┼şturma BA┼ŞARISIZ OLDU.

C:\Users\omerc\Desktop\BankaBenim\src\BankApp.UI\Forms\TransferForm.Designer.cs(334,18): error CS1061: 'TransferForm' bir 'AllowFormGlass' tan─▒m─▒ i├ğermiyor ve 'TransferForm' t├╝r├╝nde bir ilk ba─ş─▒ms─▒z de─şi┼şken kabul eden hi├ğbir eri┼şilebilir 'AllowFormGlass' geni┼şletme y├Ântemi bulunamad─▒ (bir kullanma y├Ânergeniz veya derleme ba┼şvurunuz eksik olabilir mi?) [C:\Users\omerc\Desktop\BankaBenim\src\BankApp.UI\BankApp.UI.csproj]
C:\Users\omerc\Desktop\BankaBenim\src\BankApp.UI\Forms\MainForm.Designer.cs(269,29): error CS1061: 'RibbonPageGroup' bir 'Appearance' tan─▒m─▒ i├ğermiyor ve 'RibbonPageGroup' t├╝r├╝nde bir ilk ba─ş─▒ms─▒z de─şi┼şken kabul eden hi├ğbir eri┼şilebilir 'Appearance' geni┼şletme y├Ântemi bulunamad─▒ (bir kullanma y├Ânergeniz veya derleme ba┼şvurunuz eksik olabilir mi?) [C:\Users\omerc\Desktop\BankaBenim\src\BankApp.UI\BankApp.UI.csproj]
C:\Users\omerc\Desktop\BankaBenim\src\BankApp.UI\Forms\MainForm.Designer.cs(270,29): error CS1061: 'RibbonPageGroup' bir 'Appearance' tan─▒m─▒ i├ğermiyor ve 'RibbonPageGroup' t├╝r├╝nde bir ilk ba─ş─▒ms─▒z de─şi┼şken kabul eden hi├ğbir eri┼şilebilir 'Appearance' geni┼şletme y├Ântemi bulunamad─▒ (bir kullanma y├Ânergeniz veya derleme ba┼şvurunuz eksik olabilir mi?) [C:\Users\omerc\Desktop\BankaBenim\src\BankApp.UI\BankApp.UI.csproj]
C:\Users\omerc\Desktop\BankaBenim\src\BankApp.UI\Forms\MainForm.Designer.cs(275,26): error CS1061: 'RibbonPageGroup' bir 'Appearance' tan─▒m─▒ i├ğermiyor ve 'RibbonPageGroup' t├╝r├╝nde bir ilk ba─ş─▒ms─▒z de─şi┼şken kabul eden hi├ğbir eri┼şilebilir 'Appearance' geni┼şletme y├Ântemi bulunamad─▒ (bir kullanma y├Ânergeniz veya derleme ba┼şvurunuz eksik olabilir mi?) [C:\Users\omerc\Desktop\BankaBenim\src\BankApp.UI\BankApp.UI.csproj]
C:\Users\omerc\Desktop\BankaBenim\src\BankApp.UI\Forms\MainForm.Designer.cs(276,26): error CS1061: 'RibbonPageGroup' bir 'Appearance' tan─▒m─▒ i├ğermiyor ve 'RibbonPageGroup' t├╝r├╝nde bir ilk ba─ş─▒ms─▒z de─şi┼şken kabul eden hi├ğbir eri┼şilebilir 'Appearance' geni┼şletme y├Ântemi bulunamad─▒ (bir kullanma y├Ânergeniz veya derleme ba┼şvurunuz eksik olabilir mi?) [C:\Users\omerc\Desktop\BankaBenim\src\BankApp.UI\BankApp.UI.csproj]
C:\Users\omerc\Desktop\BankaBenim\src\BankApp.UI\Forms\MainForm.Designer.cs(284,39): error CS1061: 'RibbonPageGroup' bir 'Appearance' tan─▒m─▒ i├ğermiyor ve 'RibbonPageGroup' t├╝r├╝nde bir ilk ba─ş─▒ms─▒z de─şi┼şken kabul eden hi├ğbir eri┼şilebilir 'Appearance' geni┼şletme y├Ântemi bulunamad─▒ (bir kullanma y├Ânergeniz veya derleme ba┼şvurunuz eksik olabilir mi?) [C:\Users\omerc\Desktop\BankaBenim\src\BankApp.UI\BankApp.UI.csproj]
C:\Users\omerc\Desktop\BankaBenim\src\BankApp.UI\Forms\MainForm.Designer.cs(285,39): error CS1061: 'RibbonPageGroup' bir 'Appearance' tan─▒m─▒ i├ğermiyor ve 'RibbonPageGroup' t├╝r├╝nde bir ilk ba─ş─▒ms─▒z de─şi┼şken kabul eden hi├ğbir eri┼şilebilir 'Appearance' geni┼şletme y├Ântemi bulunamad─▒ (bir kullanma y├Ânergeniz veya derleme ba┼şvurunuz eksik olabilir mi?) [C:\Users\omerc\Desktop\BankaBenim\src\BankApp.UI\BankApp.UI.csproj]
C:\Users\omerc\Desktop\BankaBenim\src\BankApp.UI\Forms\MainForm.Designer.cs(292,26): error CS1061: 'RibbonPageGroup' bir 'Appearance' tan─▒m─▒ i├ğermiyor ve 'RibbonPageGroup' t├╝r├╝nde bir ilk ba─ş─▒ms─▒z de─şi┼şken kabul eden hi├ğbir eri┼şilebilir 'Appearance' geni┼şletme y├Ântemi bulunamad─▒ (bir kullanma y├Ânergeniz veya derleme ba┼şvurunuz eksik olabilir mi?) [C:\Users\omerc\Desktop\BankaBenim\src\BankApp.UI\BankApp.UI.csproj]
C:\Users\omerc\Desktop\BankaBenim\src\BankApp.UI\Forms\MainForm.Designer.cs(293,26): error CS1061: 'RibbonPageGroup' bir 'Appearance' tan─▒m─▒ i├ğermiyor ve 'RibbonPageGroup' t├╝r├╝nde bir ilk ba─ş─▒ms─▒z de─şi┼şken kabul eden hi├ğbir eri┼şilebilir 'Appearance' geni┼şletme y├Ântemi bulunamad─▒ (bir kullanma y├Ânergeniz veya derleme ba┼şvurunuz eksik olabilir mi?) [C:\Users\omerc\Desktop\BankaBenim\src\BankApp.UI\BankApp.UI.csproj]
C:\Users\omerc\Desktop\BankaBenim\src\BankApp.UI\Forms\MainForm.Designer.cs(299,41): error CS1061: 'RibbonPageGroup' bir 'Appearance' tan─▒m─▒ i├ğermiyor ve 'RibbonPageGroup' t├╝r├╝nde bir ilk ba─ş─▒ms─▒z de─şi┼şken kabul eden hi├ğbir eri┼şilebilir 'Appearance' geni┼şletme y├Ântemi bulunamad─▒ (bir kullanma y├Ânergeniz veya derleme ba┼şvurunuz eksik olabilir mi?) [C:\Users\omerc\Desktop\BankaBenim\src\BankApp.UI\BankApp.UI.csproj]
C:\Users\omerc\Desktop\BankaBenim\src\BankApp.UI\Forms\MainForm.Designer.cs(300,41): error CS1061: 'RibbonPageGroup' bir 'Appearance' tan─▒m─▒ i├ğermiyor ve 'RibbonPageGroup' t├╝r├╝nde bir ilk ba─ş─▒ms─▒z de─şi┼şken kabul eden hi├ğbir eri┼şilebilir 'Appearance' geni┼şletme y├Ântemi bulunamad─▒ (bir kullanma y├Ânergeniz veya derleme ba┼şvurunuz eksik olabilir mi?) [C:\Users\omerc\Desktop\BankaBenim\src\BankApp.UI\BankApp.UI.csproj]
    0 Uyar─▒
    11 Hata

Ge├ğen S├╝re 00:00:03.53
